<html>
<body>
<pre>
<h1>µVision Build Log</h1>
<h2>Project:</h2>
E:\project_service\ETOS\source\p131\prj\pri_sec67\sec67.uvproj
Project File Date:  09/04/2017

<h2>Output:</h2>
Build Project 'sec67' - Target 'sec67'
compiling main.c...
linking...
Program Size: Code=3638 RO-data=338 RW-data=368 ZI-data=42448  
FromELF: creating hex file...
".\output\sec67.axf" - 0 Error(s), 0 Warning(s).
Load "E:\\project_service\\ETOS\\source\\p131\\prj\\pri_sec67\\output\\sec67.axf" 
* JLink Info: Device "CORTEX-M3" selected (0 KB flash, 0 KB RAM).
Set JLink Project File to "E:\project_service\ETOS\source\p131\prj\pri_sec67\JLinkSettings.ini"
 
JLink info:
------------
DLL: V4.76d, compiled Sep 13 2013 16:35:06
Firmware: J-Link V9 compiled Feb 20 2015 09:20:19
Hardware: V9.20
Feature(s) : GDB, RDI, FlashBP, FlashDL, JFlash 
 
* JLink Info: Found SWD-DP with ID 0x2BA01477
* JLink Info: Found Cortex-M3 r2p1, Little endian.
* JLink Info: FPUnit: 6 code (BP) slots and 2 literal slots
* JLink Info: TPIU fitted.
ROMTableAddr = 0xE00FF003
 
Target info:
------------
Device: Cortex-M3
VTarget = 3.300V
State of Pins: 
TCK: 0, TDI: 0, TDO: 0, TMS: 0, TRES: 1, TRST: 0
Hardware-Breakpoints: 6
Software-Breakpoints: 8192
Watchpoints:          4
JTAG speed: 2000 kHz
 
Erase Done.
Programming Done.
Verify OK.
Application running ...
 0 Error(s), 2 Warning(s).
